// Jest Snapshot v1, https://goo.gl/fbAQLP

exports[`Input it renders without children 1`] = `
.c0 {
  font-size: 16px;
}

.c1 {
  height: 40px;
  width: 100%;
  -webkit-appearance: none;
  font-family: inherit;
  font-size: 16px;
  background-color: transparent;
  color: #000000;
  padding: 10px 0px 10px 10px;
  border: 1px solid;
  border-color: #C4C4C4;
  border-radius: 7px;
  border-color: #C4C4C4;
  box-sizing: border-box;
  line-height: 38px;
}

.c1::-webkit-input-placeholder {
  color: #C4C4C4;
}

.c1::-moz-placeholder {
  color: #C4C4C4;
}

.c1:-ms-input-placeholder {
  color: #C4C4C4;
}

.c1::placeholder {
  color: #C4C4C4;
}

.c1:disabled {
  cursor: not-allowed;
}

.c1:focus {
  border: 1px solid #5C6AC4;
  outline: none;
}

<div
  className=""
>
  <label
    className="c0"
  >
    
    <input
      className="c1"
      disabled={false}
      onChange={[Function]}
      placeholder=""
      size="small"
    />
  </label>
  
</div>
`;
